[www.vnkarazinkharkivnationaluniversity.com/index.html]
[backblue.gif]
[fade.gif]
[index.html]
[www.vnkarazinkharkivnationaluniversity.com/css/style.css]
[www.vnkarazinkharkivnationaluniversity.com/css/bootstrap.min.css]
[maxcdn.bootstrapcdn.com/font-awesome/4.7.0/css/font-awesome.min.css]
[www.vnkarazinkharkivnationaluniversity.com/css/animate.css]
[www.vnkarazinkharkivnationaluniversity.com/css/table.css]
[www.vnkarazinkharkivnationaluniversity.com/css/hover.css]
[www.vnkarazinkharkivnationaluniversity.com/css/slider.css]
[www.vnkarazinkharkivnationaluniversity.com/js/jquery-1.9.0.min.js]
[www.vnkarazinkharkivnationaluniversity.com/js/jquery.nivo.slider.js]
[www.vnkarazinkharkivnationaluniversity.com/captchavalidation.js]
[www.vnkarazinkharkivnationaluniversity.com/index-2.html]
[www.vnkarazinkharkivnationaluniversity.com/images/logo.png]
[www.vnkarazinkharkivnationaluniversity.com/images/sm-logo.png]
[www.vnkarazinkharkivnationaluniversity.com/images/slider-1.jpg]
[www.vnkarazinkharkivnationaluniversity.com/images/slider-2.jpg]
[www.vnkarazinkharkivnationaluniversity.com/js/bootstrap.min.js]
[www.vnkarazinkharkivnationaluniversity.com/js/scroll.js]
[www.vnkarazinkharkivnationaluniversity.com/index.html]
[www.vnkarazinkharkivnationaluniversity.com/js/wow.min.js]
[www.vnkarazinkharkivnationaluniversity.com/font/tt0663m.eot]
[www.vnkarazinkharkivnationaluniversity.com/font/tt0663m.woff2]
[www.vnkarazinkharkivnationaluniversity.com/font/tt0663m.woff]
[www.vnkarazinkharkivnationaluniversity.com/font/tt0663m.ttf]
[www.vnkarazinkharkivnationaluniversity.com/font/droidserif-regular-webfont.woff2]
[www.vnkarazinkharkivnationaluniversity.com/font/droidserif-regular-webfont.woff]
[www.vnkarazinkharkivnationaluniversity.com/font/LatoLatin-Semibold.eot]
[www.vnkarazinkharkivnationaluniversity.com/font/LatoLatin-Semibold.woff2]
[www.vnkarazinkharkivnationaluniversity.com/font/LatoLatin-Semiboldd41d.eot]
[www.vnkarazinkharkivnationaluniversity.com/font/LatoLatin-Semibold.woff]
[www.vnkarazinkharkivnationaluniversity.com/font/LatoLatin-Semibold.ttf]
[www.vnkarazinkharkivnationaluniversity.com/font/opensans-regular_0.eot]
[www.vnkarazinkharkivnationaluniversity.com/font/opensans-regular_0.woff]
[www.vnkarazinkharkivnationaluniversity.com/font/opensans-regular_0.ttf]
[www.vnkarazinkharkivnationaluniversity.com/font/opensans-semibold_0.eot]
[www.vnkarazinkharkivnationaluniversity.com/font/opensans-semibold_0.woff]
[www.vnkarazinkharkivnationaluniversity.com/font/opensans-semibold_0.ttf]
[www.vnkarazinkharkivnationaluniversity.com/images/top-mail.png]
[www.vnkarazinkharkivnationaluniversity.com/images/top-call.png]
[www.vnkarazinkharkivnationaluniversity.com/images/form-bg.jpg]
[www.vnkarazinkharkivnationaluniversity.com/images/head-arrow.png]
[www.vnkarazinkharkivnationaluniversity.com/images/refresh.png]
[www.vnkarazinkharkivnationaluniversity.com/images/dot.png]
[www.vnkarazinkharkivnationaluniversity.com/images/yellow-bg.jpg]
[www.vnkarazinkharkivnationaluniversity.com/images/orange-bg.jpg]
[www.vnkarazinkharkivnationaluniversity.com/images/green-bg.jpg]
[www.vnkarazinkharkivnationaluniversity.com/images/link-arrow.png]
[www.vnkarazinkharkivnationaluniversity.com/images/about-2.jpg]
[www.vnkarazinkharkivnationaluniversity.com/images/menu-arrow.png]
[www.vnkarazinkharkivnationaluniversity.com/images/application-arrow.png]
[www.vnkarazinkharkivnationaluniversity.com/images/foot-arrow.png]
[www.vnkarazinkharkivnationaluniversity.com/images/enroll-img.png]
[www.vnkarazinkharkivnationaluniversity.com/images/foot-call.png]
[www.vnkarazinkharkivnationaluniversity.com/images/foot-mail.png]
[www.vnkarazinkharkivnationaluniversity.com/images/scroll-top.png]
[www.vnkarazinkharkivnationaluniversity.com/images/about-bg.jpg]
[www.vnkarazinkharkivnationaluniversity.com/images/scroll-left.jpg]
[www.vnkarazinkharkivnationaluniversity.com/images/scroll-right.jpg]
[www.vnkarazinkharkivnationaluniversity.com/css/style.css]
[www.vnkarazinkharkivnationaluniversity.com/css/bootstrap.min.css]
[maxcdn.bootstrapcdn.com/font-awesome/4.7.0/css/font-awesome.min.css]
[www.vnkarazinkharkivnationaluniversity.com/css/animate.css]
[www.vnkarazinkharkivnationaluniversity.com/css/table.css]
[www.vnkarazinkharkivnationaluniversity.com/css/hover.css]
[www.vnkarazinkharkivnationaluniversity.com/images/arrows.png]
[www.vnkarazinkharkivnationaluniversity.com/css/slider.css]
[www.vnkarazinkharkivnationaluniversity.com/index-2.html]
[www.vnkarazinkharkivnationaluniversity.com/js/script.html]
[www.vnkarazinkharkivnationaluniversity.com/font/tt0663m.svg]
[www.vnkarazinkharkivnationaluniversity.com/images/about-img.jpg]
[www.vnkarazinkharkivnationaluniversity.com/font/opensans-regular_0.svg]
[www.vnkarazinkharkivnationaluniversity.com/font/opensans-semibold_0.svg]
[www.vnkarazinkharkivnationaluniversity.com/images/eye.html]
[www.vnkarazinkharkivnationaluniversity.com/images/access.html]
[www.vnkarazinkharkivnationaluniversity.com/images/limited-seat-icon.html]
[www.vnkarazinkharkivnationaluniversity.com/images/loading.html]
[www.vnkarazinkharkivnationaluniversity.com/images/prev.html]
[www.vnkarazinkharkivnationaluniversity.com/images/about-but.png]
